// Jest Snapshot v1, https://goo.gl/fbAQLP

exports[`Rendering <BuzzFormComponent /> should Component render  1`] = `
Object {
  "asFragment": [Function],
  "baseElement": <body>
    <div>
      <div
        class="BuzzFormComponent"
      >
        <h3
          class="BuzzHeader"
        >
          <i
            class="fas fa-edit"
          />
           Create Buzz
        </h3>
        <form
          enctype="multipart/form-data"
        >
          <textarea
            class="TextArea"
            data-testid="thoughts"
            placeholder="Share Your Thoughts......"
          />
          <div
            class="FormBottom"
          >
            <div>
              <select
                class="SelectTag"
                data-testid="category"
                name="Category"
              >
                <option
                  hidden=""
                >
                  Category
                </option>
                <option
                  value="ACTIVITY"
                >
                  ACTIVITY
                </option>
                <option
                  value="LOST_AND_FOUND"
                >
                  LOST_AND_FOUND
                </option>
              </select>
              <label
                class="ImageLabel"
                for="file"
              >
                <i
                  class="fas fa-image"
                />
                (
                0
                )
              </label>
              <input
                accept="image/*"
                id="file"
                multiple=""
                name="buzzImage"
                style="visibility: hidden;"
                type="file"
              />
            </div>
            <button
              class="SubmitBtn"
              data-testid="submit"
              type="submit"
            >
              <i
                class="fas fa-angle-right fa-2x"
              />
            </button>
          </div>
        </form>
      </div>
    </div>
  </body>,
  "container": <div>
    <div
      class="BuzzFormComponent"
    >
      <h3
        class="BuzzHeader"
      >
        <i
          class="fas fa-edit"
        />
         Create Buzz
      </h3>
      <form
        enctype="multipart/form-data"
      >
        <textarea
          class="TextArea"
          data-testid="thoughts"
          placeholder="Share Your Thoughts......"
        />
        <div
          class="FormBottom"
        >
          <div>
            <select
              class="SelectTag"
              data-testid="category"
              name="Category"
            >
              <option
                hidden=""
              >
                Category
              </option>
              <option
                value="ACTIVITY"
              >
                ACTIVITY
              </option>
              <option
                value="LOST_AND_FOUND"
              >
                LOST_AND_FOUND
              </option>
            </select>
            <label
              class="ImageLabel"
              for="file"
            >
              <i
                class="fas fa-image"
              />
              (
              0
              )
            </label>
            <input
              accept="image/*"
              id="file"
              multiple=""
              name="buzzImage"
              style="visibility: hidden;"
              type="file"
            />
          </div>
          <button
            class="SubmitBtn"
            data-testid="submit"
            type="submit"
          >
            <i
              class="fas fa-angle-right fa-2x"
            />
          </button>
        </div>
      </form>
    </div>
  </div>,
  "debug": [Function],
  "findAllByAltText": [Function],
  "findAllByDisplayValue": [Function],
  "findAllByLabelText": [Function],
  "findAllByPlaceholderText": [Function],
  "findAllByRole": [Function],
  "findAllByTestId": [Function],
  "findAllByText": [Function],
  "findAllByTitle": [Function],
  "findByAltText": [Function],
  "findByDisplayValue": [Function],
  "findByLabelText": [Function],
  "findByPlaceholderText": [Function],
  "findByRole": [Function],
  "findByTestId": [Function],
  "findByText": [Function],
  "findByTitle": [Function],
  "getAllByAltText": [Function],
  "getAllByDisplayValue": [Function],
  "getAllByLabelText": [Function],
  "getAllByPlaceholderText": [Function],
  "getAllByRole": [Function],
  "getAllByTestId": [Function],
  "getAllByText": [Function],
  "getAllByTitle": [Function],
  "getByAltText": [Function],
  "getByDisplayValue": [Function],
  "getByLabelText": [Function],
  "getByPlaceholderText": [Function],
  "getByRole": [Function],
  "getByTestId": [Function],
  "getByText": [Function],
  "getByTitle": [Function],
  "queryAllByAltText": [Function],
  "queryAllByDisplayValue": [Function],
  "queryAllByLabelText": [Function],
  "queryAllByPlaceholderText": [Function],
  "queryAllByRole": [Function],
  "queryAllByTestId": [Function],
  "queryAllByText": [Function],
  "queryAllByTitle": [Function],
  "queryByAltText": [Function],
  "queryByDisplayValue": [Function],
  "queryByLabelText": [Function],
  "queryByPlaceholderText": [Function],
  "queryByRole": [Function],
  "queryByTestId": [Function],
  "queryByText": [Function],
  "queryByTitle": [Function],
  "rerender": [Function],
  "unmount": [Function],
}
`;
